../Core/Src/main.c:87:5:main	64	static
../Core/Src/main.c:205:6:SystemClock_Config	96	static
../Core/Src/main.c:255:13:MX_TIM2_Init	56	static
../Core/Src/main.c:313:13:MX_USART2_UART_Init	8	static
../Core/Src/main.c:348:13:MX_GPIO_Init	48	static
../Core/Src/main.c:382:6:print_setting_clock	8	static
../Core/Src/main.c:386:6:print_bad_input	8	static
../Core/Src/main.c:390:5:set_timer_base	24	static
../Core/Src/main.c:425:6:get_line	56	dynamic
../Core/Src/main.c:452:6:Error_Handler	4	static,ignoring_inline_asm
